c:\users\pc\documents\github\keyhunt-cuda\keyhunt-cuda\x64\release\vc142.pdb
c:\users\pc\documents\github\keyhunt-cuda\keyhunt-cuda\x64\release\random.obj
c:\users\pc\documents\github\keyhunt-cuda\keyhunt-cuda\x64\release\point.obj
c:\users\pc\documents\github\keyhunt-cuda\keyhunt-cuda\x64\release\main.obj
c:\users\pc\documents\github\keyhunt-cuda\keyhunt-cuda\x64\release\keyhunt.obj
c:\users\pc\documents\github\keyhunt-cuda\keyhunt-cuda\x64\release\intmod.obj
c:\users\pc\documents\github\keyhunt-cuda\keyhunt-cuda\x64\release\intgroup.obj
c:\users\pc\documents\github\keyhunt-cuda\keyhunt-cuda\x64\release\int.obj
c:\users\pc\documents\github\keyhunt-cuda\keyhunt-cuda\x64\release\sha512.obj
c:\users\pc\documents\github\keyhunt-cuda\keyhunt-cuda\x64\release\sha256_sse.obj
c:\users\pc\documents\github\keyhunt-cuda\keyhunt-cuda\x64\release\sha256.obj
c:\users\pc\documents\github\keyhunt-cuda\keyhunt-cuda\x64\release\ripemd160_sse.obj
c:\users\pc\documents\github\keyhunt-cuda\keyhunt-cuda\x64\release\ripemd160.obj
c:\users\pc\documents\github\keyhunt-cuda\keyhunt-cuda\x64\release\keccak160.obj
c:\users\pc\documents\github\keyhunt-cuda\keyhunt-cuda\x64\release\gpugenerate.obj
c:\users\pc\documents\github\keyhunt-cuda\keyhunt-cuda\x64\release\gmputil.obj
c:\users\pc\documents\github\keyhunt-cuda\keyhunt-cuda\x64\release\cmdparse.obj
c:\users\pc\documents\github\keyhunt-cuda\keyhunt-cuda\x64\release\bloom.obj
c:\users\pc\documents\github\keyhunt-cuda\keyhunt-cuda\x64\release\binsort.obj
c:\users\pc\documents\github\keyhunt-cuda\keyhunt-cuda\x64\release\bech32.obj
c:\users\pc\documents\github\keyhunt-cuda\keyhunt-cuda\x64\release\base58.obj
c:\users\pc\documents\github\keyhunt-cuda\keyhunt-cuda\x64\release\timer.obj
c:\users\pc\documents\github\keyhunt-cuda\keyhunt-cuda\x64\release\secp256k1.obj
c:\users\pc\documents\github\keyhunt-cuda\keyhunt-cuda\x64\release\gpuengine.cu.obj
c:\users\pc\documents\github\keyhunt-cuda\x64\release\keyhunt-cuda.lib
c:\users\pc\documents\github\keyhunt-cuda\x64\release\keyhunt-cuda.exp
c:\users\pc\documents\github\keyhunt-cuda\x64\release\keyhunt-cuda.exe
c:\users\pc\documents\github\keyhunt-cuda\keyhunt-cuda\x64\release\keyhunt-cuda.ipdb
c:\users\pc\documents\github\keyhunt-cuda\keyhunt-cuda\x64\release\keyhunt-cuda.iobj
c:\users\pc\documents\github\keyhunt-cuda\x64\release\keyhunt-cuda.pdb
c:\users\pc\documents\github\keyhunt-cuda\keyhunt-cuda\x64\release\gpuengine.cu.cache
c:\users\pc\documents\github\keyhunt-cuda\keyhunt-cuda\x64\release\keyhunt-cuda.tlog\cl.command.1.tlog
c:\users\pc\documents\github\keyhunt-cuda\keyhunt-cuda\x64\release\keyhunt-cuda.tlog\cl.read.1.tlog
c:\users\pc\documents\github\keyhunt-cuda\keyhunt-cuda\x64\release\keyhunt-cuda.tlog\cl.write.1.tlog
c:\users\pc\documents\github\keyhunt-cuda\keyhunt-cuda\x64\release\keyhunt-cuda.tlog\cudacompile.read.1u.tlog
c:\users\pc\documents\github\keyhunt-cuda\keyhunt-cuda\x64\release\keyhunt-cuda.tlog\cudacompile.write.1u.tlog
c:\users\pc\documents\github\keyhunt-cuda\keyhunt-cuda\x64\release\keyhunt-cuda.tlog\keyhunt-cuda.write.1u.tlog
c:\users\pc\documents\github\keyhunt-cuda\keyhunt-cuda\x64\release\keyhunt-cuda.tlog\link.command.1.tlog
c:\users\pc\documents\github\keyhunt-cuda\keyhunt-cuda\x64\release\keyhunt-cuda.tlog\link.read.1.tlog
c:\users\pc\documents\github\keyhunt-cuda\keyhunt-cuda\x64\release\keyhunt-cuda.tlog\link.write.1.tlog
